// Jest Snapshot v1, https://goo.gl/fbAQLP

exports[`Contract should compile Solidity Contract 1`] = `
Object {
  "Outputs": Object {
    "ChainServiceLoadBalancerDNSA8B8DD71": Object {
      "Value": Object {
        "Fn::GetAtt": Array [
          "ChainServiceLB40E7649D",
          "DNSName",
        ],
      },
    },
  },
  "Parameters": Object {
    "AssetParameters1820fe991586a9a1df932807aa958f41f4240e3322e8196480309d72b34a8d54ArtifactHash13E5A1C9": Object {
      "Description": "Artifact hash for asset \\"1820fe991586a9a1df932807aa958f41f4240e3322e8196480309d72b34a8d54\\"",
      "Type": "String",
    },
    "AssetParameters1820fe991586a9a1df932807aa958f41f4240e3322e8196480309d72b34a8d54S3Bucket866CF45D": Object {
      "Description": "S3 bucket for asset \\"1820fe991586a9a1df932807aa958f41f4240e3322e8196480309d72b34a8d54\\"",
      "Type": "String",
    },
    "AssetParameters1820fe991586a9a1df932807aa958f41f4240e3322e8196480309d72b34a8d54S3VersionKey78AB15D2": Object {
      "Description": "S3 key for asset version \\"1820fe991586a9a1df932807aa958f41f4240e3322e8196480309d72b34a8d54\\"",
      "Type": "String",
    },
    "AssetParameters6c5eca270397de0bcae6723e1707c96cd6c9d387604689702697495e7354c937ArtifactHash1E0B5CBA": Object {
      "Description": "Artifact hash for asset \\"6c5eca270397de0bcae6723e1707c96cd6c9d387604689702697495e7354c937\\"",
      "Type": "String",
    },
    "AssetParameters6c5eca270397de0bcae6723e1707c96cd6c9d387604689702697495e7354c937S3BucketEE43354F": Object {
      "Description": "S3 bucket for asset \\"6c5eca270397de0bcae6723e1707c96cd6c9d387604689702697495e7354c937\\"",
      "Type": "String",
    },
    "AssetParameters6c5eca270397de0bcae6723e1707c96cd6c9d387604689702697495e7354c937S3VersionKey00DBA5F2": Object {
      "Description": "S3 key for asset version \\"6c5eca270397de0bcae6723e1707c96cd6c9d387604689702697495e7354c937\\"",
      "Type": "String",
    },
    "AssetParametersd6267659234819e2b39096cc5acf547d78050fd9972d0b68eae767ce09bbb33aArtifactHashDDFDD32A": Object {
      "Description": "Artifact hash for asset \\"d6267659234819e2b39096cc5acf547d78050fd9972d0b68eae767ce09bbb33a\\"",
      "Type": "String",
    },
    "AssetParametersd6267659234819e2b39096cc5acf547d78050fd9972d0b68eae767ce09bbb33aS3Bucket525E867E": Object {
      "Description": "S3 bucket for asset \\"d6267659234819e2b39096cc5acf547d78050fd9972d0b68eae767ce09bbb33a\\"",
      "Type": "String",
    },
    "AssetParametersd6267659234819e2b39096cc5acf547d78050fd9972d0b68eae767ce09bbb33aS3VersionKey250E4B49": Object {
      "Description": "S3 key for asset version \\"d6267659234819e2b39096cc5acf547d78050fd9972d0b68eae767ce09bbb33a\\"",
      "Type": "String",
    },
  },
  "Resources": Object {
    "ChainServiceED2172CA": Object {
      "DependsOn": Array [
        "ChainServiceLBPublicListenerECSGroup5C15B602",
        "ChainServiceLBPublicListener93A2B14F",
      ],
      "Properties": Object {
        "Cluster": Object {
          "Ref": "EcsDefaultClusterMnL3mNNYNVPC9C1EC7A3",
        },
        "DeploymentConfiguration": Object {
          "MaximumPercent": 200,
          "MinimumHealthyPercent": 50,
        },
        "DesiredCount": 1,
        "EnableECSManagedTags": false,
        "HealthCheckGracePeriodSeconds": 60,
        "LaunchType": "FARGATE",
        "LoadBalancers": Array [
          Object {
            "ContainerName": "web",
            "ContainerPort": 8545,
            "TargetGroupArn": Object {
              "Ref": "ChainServiceLBPublicListenerECSGroup5C15B602",
            },
          },
        ],
        "NetworkConfiguration": Object {
          "AwsvpcConfiguration": Object {
            "AssignPublicIp": "DISABLED",
            "SecurityGroups": Array [
              Object {
                "Fn::GetAtt": Array [
                  "ChainServiceSecurityGroup296F6B9A",
                  "GroupId",
                ],
              },
            ],
            "Subnets": Array [
              Object {
                "Ref": "ChainVPCPrivateSubnet1Subnet6ED624CD",
              },
              Object {
                "Ref": "ChainVPCPrivateSubnet2Subnet60922772",
              },
            ],
          },
        },
        "TaskDefinition": Object {
          "Ref": "ChainServiceTaskDef04312CD5",
        },
      },
      "Type": "AWS::ECS::Service",
    },
    "ChainServiceLB40E7649D": Object {
      "DependsOn": Array [
        "ChainVPCPublicSubnet1DefaultRoute541094E9",
        "ChainVPCPublicSubnet2DefaultRouteD0EC39C0",
      ],
      "Properties": Object {
        "LoadBalancerAttributes": Array [
          Object {
            "Key": "deletion_protection.enabled",
            "Value": "false",
          },
        ],
        "Scheme": "internet-facing",
        "Subnets": Array [
          Object {
            "Ref": "ChainVPCPublicSubnet1Subnet959FCBA5",
          },
          Object {
            "Ref": "ChainVPCPublicSubnet2SubnetB7B65459",
          },
        ],
        "Type": "network",
      },
      "Type": "AWS::ElasticLoadBalancingV2::LoadBalancer",
    },
    "ChainServiceLBPublicListener93A2B14F": Object {
      "Properties": Object {
        "DefaultActions": Array [
          Object {
            "TargetGroupArn": Object {
              "Ref": "ChainServiceLBPublicListenerECSGroup5C15B602",
            },
            "Type": "forward",
          },
        ],
        "LoadBalancerArn": Object {
          "Ref": "ChainServiceLB40E7649D",
        },
        "Port": 8545,
        "Protocol": "TCP",
      },
      "Type": "AWS::ElasticLoadBalancingV2::Listener",
    },
    "ChainServiceLBPublicListenerECSGroup5C15B602": Object {
      "Properties": Object {
        "Port": 80,
        "Protocol": "TCP",
        "TargetType": "ip",
        "VpcId": Object {
          "Ref": "ChainVPC8A02D304",
        },
      },
      "Type": "AWS::ElasticLoadBalancingV2::TargetGroup",
    },
    "ChainServiceSecurityGroup296F6B9A": Object {
      "Properties": Object {
        "GroupDescription": "Test/Chain/Service/Service/SecurityGroup",
        "SecurityGroupEgress": Array [
          Object {
            "CidrIp": "0.0.0.0/0",
            "Description": "Allow all outbound traffic by default",
            "IpProtocol": "-1",
          },
        ],
        "VpcId": Object {
          "Ref": "ChainVPC8A02D304",
        },
      },
      "Type": "AWS::EC2::SecurityGroup",
    },
    "ChainServiceTaskDef04312CD5": Object {
      "Properties": Object {
        "ContainerDefinitions": Array [
          Object {
            "Essential": true,
            "Image": "trufflesuite/ganache-cli",
            "LogConfiguration": Object {
              "LogDriver": "awslogs",
              "Options": Object {
                "awslogs-group": Object {
                  "Ref": "ChainServiceTaskDefwebLogGroupEFA7FD66",
                },
                "awslogs-region": Object {
                  "Ref": "AWS::Region",
                },
                "awslogs-stream-prefix": "Service",
              },
            },
            "Name": "web",
            "PortMappings": Array [
              Object {
                "ContainerPort": 8545,
                "Protocol": "tcp",
              },
            ],
          },
        ],
        "Cpu": "256",
        "ExecutionRoleArn": Object {
          "Fn::GetAtt": Array [
            "ChainServiceTaskDefExecutionRole3B6095A4",
            "Arn",
          ],
        },
        "Family": "TestChainServiceTaskDef0F39B939",
        "Memory": "512",
        "NetworkMode": "awsvpc",
        "RequiresCompatibilities": Array [
          "FARGATE",
        ],
        "TaskRoleArn": Object {
          "Fn::GetAtt": Array [
            "ChainServiceTaskDefTaskRole61BEB074",
            "Arn",
          ],
        },
      },
      "Type": "AWS::ECS::TaskDefinition",
    },
    "ChainServiceTaskDefExecutionRole3B6095A4": Object {
      "Properties": Object {
        "AssumeRolePolicyDocument": Object {
          "Statement": Array [
            Object {
              "Action": "sts:AssumeRole",
              "Effect": "Allow",
              "Principal": Object {
                "Service": "ecs-tasks.amazonaws.com",
              },
            },
          ],
          "Version": "2012-10-17",
        },
      },
      "Type": "AWS::IAM::Role",
    },
    "ChainServiceTaskDefExecutionRoleDefaultPolicy8162C6BF": Object {
      "Properties": Object {
        "PolicyDocument": Object {
          "Statement": Array [
            Object {
              "Action": Array [
                "logs:CreateLogStream",
                "logs:PutLogEvents",
              ],
              "Effect": "Allow",
              "Resource": Object {
                "Fn::GetAtt": Array [
                  "ChainServiceTaskDefwebLogGroupEFA7FD66",
                  "Arn",
                ],
              },
            },
          ],
          "Version": "2012-10-17",
        },
        "PolicyName": "ChainServiceTaskDefExecutionRoleDefaultPolicy8162C6BF",
        "Roles": Array [
          Object {
            "Ref": "ChainServiceTaskDefExecutionRole3B6095A4",
          },
        ],
      },
      "Type": "AWS::IAM::Policy",
    },
    "ChainServiceTaskDefTaskRole61BEB074": Object {
      "Properties": Object {
        "AssumeRolePolicyDocument": Object {
          "Statement": Array [
            Object {
              "Action": "sts:AssumeRole",
              "Effect": "Allow",
              "Principal": Object {
                "Service": "ecs-tasks.amazonaws.com",
              },
            },
          ],
          "Version": "2012-10-17",
        },
      },
      "Type": "AWS::IAM::Role",
    },
    "ChainServiceTaskDefwebLogGroupEFA7FD66": Object {
      "DeletionPolicy": "Retain",
      "Type": "AWS::Logs::LogGroup",
      "UpdateReplacePolicy": "Retain",
    },
    "ChainVPC8A02D304": Object {
      "Properties": Object {
        "CidrBlock": "10.0.0.0/16",
        "EnableDnsHostnames": true,
        "EnableDnsSupport": true,
        "InstanceTenancy": "default",
        "Tags": Array [
          Object {
            "Key": "Name",
            "Value": "Test/Chain/VPC",
          },
        ],
      },
      "Type": "AWS::EC2::VPC",
    },
    "ChainVPCIGWE1EB79ED": Object {
      "Properties": Object {
        "Tags": Array [
          Object {
            "Key": "Name",
            "Value": "Test/Chain/VPC",
          },
        ],
      },
      "Type": "AWS::EC2::InternetGateway",
    },
    "ChainVPCPrivateSubnet1DefaultRoute9A1BE2C9": Object {
      "Properties": Object {
        "DestinationCidrBlock": "0.0.0.0/0",
        "NatGatewayId": Object {
          "Ref": "ChainVPCPublicSubnet1NATGateway52F19AA6",
        },
        "RouteTableId": Object {
          "Ref": "ChainVPCPrivateSubnet1RouteTable2A9CFC20",
        },
      },
      "Type": "AWS::EC2::Route",
    },
    "ChainVPCPrivateSubnet1RouteTable2A9CFC20": Object {
      "Properties": Object {
        "Tags": Array [
          Object {
            "Key": "Name",
            "Value": "Test/Chain/VPC/PrivateSubnet1",
          },
        ],
        "VpcId": Object {
          "Ref": "ChainVPC8A02D304",
        },
      },
      "Type": "AWS::EC2::RouteTable",
    },
    "ChainVPCPrivateSubnet1RouteTableAssociation8BC76356": Object {
      "Properties": Object {
        "RouteTableId": Object {
          "Ref": "ChainVPCPrivateSubnet1RouteTable2A9CFC20",
        },
        "SubnetId": Object {
          "Ref": "ChainVPCPrivateSubnet1Subnet6ED624CD",
        },
      },
      "Type": "AWS::EC2::SubnetRouteTableAssociation",
    },
    "ChainVPCPrivateSubnet1Subnet6ED624CD": Object {
      "Properties": Object {
        "AvailabilityZone": Object {
          "Fn::Select": Array [
            0,
            Object {
              "Fn::GetAZs": "",
            },
          ],
        },
        "CidrBlock": "10.0.128.0/18",
        "MapPublicIpOnLaunch": false,
        "Tags": Array [
          Object {
            "Key": "aws-cdk:subnet-name",
            "Value": "Private",
          },
          Object {
            "Key": "aws-cdk:subnet-type",
            "Value": "Private",
          },
          Object {
            "Key": "Name",
            "Value": "Test/Chain/VPC/PrivateSubnet1",
          },
        ],
        "VpcId": Object {
          "Ref": "ChainVPC8A02D304",
        },
      },
      "Type": "AWS::EC2::Subnet",
    },
    "ChainVPCPrivateSubnet2DefaultRoute45BD4686": Object {
      "Properties": Object {
        "DestinationCidrBlock": "0.0.0.0/0",
        "NatGatewayId": Object {
          "Ref": "ChainVPCPublicSubnet2NATGateway4E2F62CC",
        },
        "RouteTableId": Object {
          "Ref": "ChainVPCPrivateSubnet2RouteTable08787F91",
        },
      },
      "Type": "AWS::EC2::Route",
    },
    "ChainVPCPrivateSubnet2RouteTable08787F91": Object {
      "Properties": Object {
        "Tags": Array [
          Object {
            "Key": "Name",
            "Value": "Test/Chain/VPC/PrivateSubnet2",
          },
        ],
        "VpcId": Object {
          "Ref": "ChainVPC8A02D304",
        },
      },
      "Type": "AWS::EC2::RouteTable",
    },
    "ChainVPCPrivateSubnet2RouteTableAssociation7F119E2D": Object {
      "Properties": Object {
        "RouteTableId": Object {
          "Ref": "ChainVPCPrivateSubnet2RouteTable08787F91",
        },
        "SubnetId": Object {
          "Ref": "ChainVPCPrivateSubnet2Subnet60922772",
        },
      },
      "Type": "AWS::EC2::SubnetRouteTableAssociation",
    },
    "ChainVPCPrivateSubnet2Subnet60922772": Object {
      "Properties": Object {
        "AvailabilityZone": Object {
          "Fn::Select": Array [
            1,
            Object {
              "Fn::GetAZs": "",
            },
          ],
        },
        "CidrBlock": "10.0.192.0/18",
        "MapPublicIpOnLaunch": false,
        "Tags": Array [
          Object {
            "Key": "aws-cdk:subnet-name",
            "Value": "Private",
          },
          Object {
            "Key": "aws-cdk:subnet-type",
            "Value": "Private",
          },
          Object {
            "Key": "Name",
            "Value": "Test/Chain/VPC/PrivateSubnet2",
          },
        ],
        "VpcId": Object {
          "Ref": "ChainVPC8A02D304",
        },
      },
      "Type": "AWS::EC2::Subnet",
    },
    "ChainVPCPublicSubnet1DefaultRoute541094E9": Object {
      "DependsOn": Array [
        "ChainVPCVPCGWD2366872",
      ],
      "Properties": Object {
        "DestinationCidrBlock": "0.0.0.0/0",
        "GatewayId": Object {
          "Ref": "ChainVPCIGWE1EB79ED",
        },
        "RouteTableId": Object {
          "Ref": "ChainVPCPublicSubnet1RouteTableCC01E3A6",
        },
      },
      "Type": "AWS::EC2::Route",
    },
    "ChainVPCPublicSubnet1EIP6AE95E94": Object {
      "Properties": Object {
        "Domain": "vpc",
        "Tags": Array [
          Object {
            "Key": "Name",
            "Value": "Test/Chain/VPC/PublicSubnet1",
          },
        ],
      },
      "Type": "AWS::EC2::EIP",
    },
    "ChainVPCPublicSubnet1NATGateway52F19AA6": Object {
      "Properties": Object {
        "AllocationId": Object {
          "Fn::GetAtt": Array [
            "ChainVPCPublicSubnet1EIP6AE95E94",
            "AllocationId",
          ],
        },
        "SubnetId": Object {
          "Ref": "ChainVPCPublicSubnet1Subnet959FCBA5",
        },
        "Tags": Array [
          Object {
            "Key": "Name",
            "Value": "Test/Chain/VPC/PublicSubnet1",
          },
        ],
      },
      "Type": "AWS::EC2::NatGateway",
    },
    "ChainVPCPublicSubnet1RouteTableAssociationF6023A9F": Object {
      "Properties": Object {
        "RouteTableId": Object {
          "Ref": "ChainVPCPublicSubnet1RouteTableCC01E3A6",
        },
        "SubnetId": Object {
          "Ref": "ChainVPCPublicSubnet1Subnet959FCBA5",
        },
      },
      "Type": "AWS::EC2::SubnetRouteTableAssociation",
    },
    "ChainVPCPublicSubnet1RouteTableCC01E3A6": Object {
      "Properties": Object {
        "Tags": Array [
          Object {
            "Key": "Name",
            "Value": "Test/Chain/VPC/PublicSubnet1",
          },
        ],
        "VpcId": Object {
          "Ref": "ChainVPC8A02D304",
        },
      },
      "Type": "AWS::EC2::RouteTable",
    },
    "ChainVPCPublicSubnet1Subnet959FCBA5": Object {
      "Properties": Object {
        "AvailabilityZone": Object {
          "Fn::Select": Array [
            0,
            Object {
              "Fn::GetAZs": "",
            },
          ],
        },
        "CidrBlock": "10.0.0.0/18",
        "MapPublicIpOnLaunch": true,
        "Tags": Array [
          Object {
            "Key": "aws-cdk:subnet-name",
            "Value": "Public",
          },
          Object {
            "Key": "aws-cdk:subnet-type",
            "Value": "Public",
          },
          Object {
            "Key": "Name",
            "Value": "Test/Chain/VPC/PublicSubnet1",
          },
        ],
        "VpcId": Object {
          "Ref": "ChainVPC8A02D304",
        },
      },
      "Type": "AWS::EC2::Subnet",
    },
    "ChainVPCPublicSubnet2DefaultRouteD0EC39C0": Object {
      "DependsOn": Array [
        "ChainVPCVPCGWD2366872",
      ],
      "Properties": Object {
        "DestinationCidrBlock": "0.0.0.0/0",
        "GatewayId": Object {
          "Ref": "ChainVPCIGWE1EB79ED",
        },
        "RouteTableId": Object {
          "Ref": "ChainVPCPublicSubnet2RouteTable6DA6D5E5",
        },
      },
      "Type": "AWS::EC2::Route",
    },
    "ChainVPCPublicSubnet2EIP2C221709": Object {
      "Properties": Object {
        "Domain": "vpc",
        "Tags": Array [
          Object {
            "Key": "Name",
            "Value": "Test/Chain/VPC/PublicSubnet2",
          },
        ],
      },
      "Type": "AWS::EC2::EIP",
    },
    "ChainVPCPublicSubnet2NATGateway4E2F62CC": Object {
      "Properties": Object {
        "AllocationId": Object {
          "Fn::GetAtt": Array [
            "ChainVPCPublicSubnet2EIP2C221709",
            "AllocationId",
          ],
        },
        "SubnetId": Object {
          "Ref": "ChainVPCPublicSubnet2SubnetB7B65459",
        },
        "Tags": Array [
          Object {
            "Key": "Name",
            "Value": "Test/Chain/VPC/PublicSubnet2",
          },
        ],
      },
      "Type": "AWS::EC2::NatGateway",
    },
    "ChainVPCPublicSubnet2RouteTable6DA6D5E5": Object {
      "Properties": Object {
        "Tags": Array [
          Object {
            "Key": "Name",
            "Value": "Test/Chain/VPC/PublicSubnet2",
          },
        ],
        "VpcId": Object {
          "Ref": "ChainVPC8A02D304",
        },
      },
      "Type": "AWS::EC2::RouteTable",
    },
    "ChainVPCPublicSubnet2RouteTableAssociation9EA0AF6F": Object {
      "Properties": Object {
        "RouteTableId": Object {
          "Ref": "ChainVPCPublicSubnet2RouteTable6DA6D5E5",
        },
        "SubnetId": Object {
          "Ref": "ChainVPCPublicSubnet2SubnetB7B65459",
        },
      },
      "Type": "AWS::EC2::SubnetRouteTableAssociation",
    },
    "ChainVPCPublicSubnet2SubnetB7B65459": Object {
      "Properties": Object {
        "AvailabilityZone": Object {
          "Fn::Select": Array [
            1,
            Object {
              "Fn::GetAZs": "",
            },
          ],
        },
        "CidrBlock": "10.0.64.0/18",
        "MapPublicIpOnLaunch": true,
        "Tags": Array [
          Object {
            "Key": "aws-cdk:subnet-name",
            "Value": "Public",
          },
          Object {
            "Key": "aws-cdk:subnet-type",
            "Value": "Public",
          },
          Object {
            "Key": "Name",
            "Value": "Test/Chain/VPC/PublicSubnet2",
          },
        ],
        "VpcId": Object {
          "Ref": "ChainVPC8A02D304",
        },
      },
      "Type": "AWS::EC2::Subnet",
    },
    "ChainVPCVPCGWD2366872": Object {
      "Properties": Object {
        "InternetGatewayId": Object {
          "Ref": "ChainVPCIGWE1EB79ED",
        },
        "VpcId": Object {
          "Ref": "ChainVPC8A02D304",
        },
      },
      "Type": "AWS::EC2::VPCGatewayAttachment",
    },
    "ContractD86C0185": Object {
      "DeletionPolicy": "Delete",
      "Properties": Object {
        "ChainID": 1,
        "ChainName": "Ethereum",
        "ContractBucketName": Object {
          "Ref": "AssetParameters6c5eca270397de0bcae6723e1707c96cd6c9d387604689702697495e7354c937S3BucketEE43354F",
        },
        "ContractObjectKey": Object {
          "Fn::Join": Array [
            "",
            Array [
              Object {
                "Fn::Select": Array [
                  0,
                  Object {
                    "Fn::Split": Array [
                      "||",
                      Object {
                        "Ref": "AssetParameters6c5eca270397de0bcae6723e1707c96cd6c9d387604689702697495e7354c937S3VersionKey00DBA5F2",
                      },
                    ],
                  },
                ],
              },
              Object {
                "Fn::Select": Array [
                  1,
                  Object {
                    "Fn::Split": Array [
                      "||",
                      Object {
                        "Ref": "AssetParameters6c5eca270397de0bcae6723e1707c96cd6c9d387604689702697495e7354c937S3VersionKey00DBA5F2",
                      },
                    ],
                  },
                ],
              },
            ],
          ],
        },
        "RpcUrl": Object {
          "Fn::Join": Array [
            "",
            Array [
              "https://",
              Object {
                "Fn::GetAtt": Array [
                  "ChainServiceLB40E7649D",
                  "DNSName",
                ],
              },
            ],
          ],
        },
        "ServiceToken": Object {
          "Fn::GetAtt": Array [
            "ContractDeployer5241631F",
            "Arn",
          ],
        },
        "WalletSecretArn": Object {
          "Ref": "WalletPrivateKey1C295680",
        },
      },
      "Type": "AWS::CloudFormation::CustomResource",
      "UpdateReplacePolicy": "Delete",
    },
    "ContractDeployer5241631F": Object {
      "DependsOn": Array [
        "ContractDeployerServiceRoleDefaultPolicy53F0D499",
        "ContractDeployerServiceRole4D541F12",
      ],
      "Properties": Object {
        "Code": Object {
          "S3Bucket": Object {
            "Ref": "AssetParameters1820fe991586a9a1df932807aa958f41f4240e3322e8196480309d72b34a8d54S3Bucket866CF45D",
          },
          "S3Key": Object {
            "Fn::Join": Array [
              "",
              Array [
                Object {
                  "Fn::Select": Array [
                    0,
                    Object {
                      "Fn::Split": Array [
                        "||",
                        Object {
                          "Ref": "AssetParameters1820fe991586a9a1df932807aa958f41f4240e3322e8196480309d72b34a8d54S3VersionKey78AB15D2",
                        },
                      ],
                    },
                  ],
                },
                Object {
                  "Fn::Select": Array [
                    1,
                    Object {
                      "Fn::Split": Array [
                        "||",
                        Object {
                          "Ref": "AssetParameters1820fe991586a9a1df932807aa958f41f4240e3322e8196480309d72b34a8d54S3VersionKey78AB15D2",
                        },
                      ],
                    },
                  ],
                },
              ],
            ],
          },
        },
        "Handler": "index.handle",
        "MemorySize": 512,
        "Role": Object {
          "Fn::GetAtt": Array [
            "ContractDeployerServiceRole4D541F12",
            "Arn",
          ],
        },
        "Runtime": "nodejs14.x",
        "Timeout": 60,
        "VpcConfig": Object {
          "SecurityGroupIds": Array [
            Object {
              "Fn::GetAtt": Array [
                "ContractDeployerSecurityGroup73A1A704",
                "GroupId",
              ],
            },
          ],
          "SubnetIds": Array [
            Object {
              "Ref": "ChainVPCPrivateSubnet1Subnet6ED624CD",
            },
            Object {
              "Ref": "ChainVPCPrivateSubnet2Subnet60922772",
            },
          ],
        },
      },
      "Type": "AWS::Lambda::Function",
    },
    "ContractDeployerSecurityGroup73A1A704": Object {
      "Properties": Object {
        "GroupDescription": "Automatic security group for Lambda Function TestContractDeployer5F78E0FF",
        "SecurityGroupEgress": Array [
          Object {
            "CidrIp": "0.0.0.0/0",
            "Description": "Allow all outbound traffic by default",
            "IpProtocol": "-1",
          },
        ],
        "VpcId": Object {
          "Ref": "ChainVPC8A02D304",
        },
      },
      "Type": "AWS::EC2::SecurityGroup",
    },
    "ContractDeployerServiceRole4D541F12": Object {
      "Properties": Object {
        "AssumeRolePolicyDocument": Object {
          "Statement": Array [
            Object {
              "Action": "sts:AssumeRole",
              "Effect": "Allow",
              "Principal": Object {
                "Service": "lambda.amazonaws.com",
              },
            },
          ],
          "Version": "2012-10-17",
        },
        "ManagedPolicyArns": Array [
          Object {
            "Fn::Join": Array [
              "",
              Array [
                "arn:",
                Object {
                  "Ref": "AWS::Partition",
                },
                ":iam::aws:policy/service-role/AWSLambdaBasicExecutionRole",
              ],
            ],
          },
          Object {
            "Fn::Join": Array [
              "",
              Array [
                "arn:",
                Object {
                  "Ref": "AWS::Partition",
                },
                ":iam::aws:policy/service-role/AWSLambdaVPCAccessExecutionRole",
              ],
            ],
          },
        ],
      },
      "Type": "AWS::IAM::Role",
    },
    "ContractDeployerServiceRoleDefaultPolicy53F0D499": Object {
      "Properties": Object {
        "PolicyDocument": Object {
          "Statement": Array [
            Object {
              "Action": "kms:Decrypt",
              "Effect": "Allow",
              "Resource": Object {
                "Fn::GetAtt": Array [
                  "WalletEncryptionKey8455325D",
                  "Arn",
                ],
              },
            },
            Object {
              "Action": Array [
                "secretsmanager:GetSecretValue",
                "secretsmanager:DescribeSecret",
              ],
              "Effect": "Allow",
              "Resource": Object {
                "Ref": "WalletPrivateKey1C295680",
              },
            },
          ],
          "Version": "2012-10-17",
        },
        "PolicyName": "ContractDeployerServiceRoleDefaultPolicy53F0D499",
        "Roles": Array [
          Object {
            "Ref": "ContractDeployerServiceRole4D541F12",
          },
        ],
      },
      "Type": "AWS::IAM::Policy",
    },
    "EcsDefaultClusterMnL3mNNYNVPC9C1EC7A3": Object {
      "Type": "AWS::ECS::Cluster",
    },
    "SingletonLambdaethereumwalletkeygenerator6D364F19": Object {
      "DependsOn": Array [
        "SingletonLambdaethereumwalletkeygeneratorServiceRoleDefaultPolicy8697E031",
        "SingletonLambdaethereumwalletkeygeneratorServiceRole2F4D5D5C",
      ],
      "Properties": Object {
        "Code": Object {
          "S3Bucket": Object {
            "Ref": "AssetParametersd6267659234819e2b39096cc5acf547d78050fd9972d0b68eae767ce09bbb33aS3Bucket525E867E",
          },
          "S3Key": Object {
            "Fn::Join": Array [
              "",
              Array [
                Object {
                  "Fn::Select": Array [
                    0,
                    Object {
                      "Fn::Split": Array [
                        "||",
                        Object {
                          "Ref": "AssetParametersd6267659234819e2b39096cc5acf547d78050fd9972d0b68eae767ce09bbb33aS3VersionKey250E4B49",
                        },
                      ],
                    },
                  ],
                },
                Object {
                  "Fn::Select": Array [
                    1,
                    Object {
                      "Fn::Split": Array [
                        "||",
                        Object {
                          "Ref": "AssetParametersd6267659234819e2b39096cc5acf547d78050fd9972d0b68eae767ce09bbb33aS3VersionKey250E4B49",
                        },
                      ],
                    },
                  ],
                },
              ],
            ],
          },
        },
        "Handler": "index.handle",
        "MemorySize": 512,
        "Role": Object {
          "Fn::GetAtt": Array [
            "SingletonLambdaethereumwalletkeygeneratorServiceRole2F4D5D5C",
            "Arn",
          ],
        },
        "Runtime": "nodejs14.x",
        "Timeout": 60,
      },
      "Type": "AWS::Lambda::Function",
    },
    "SingletonLambdaethereumwalletkeygeneratorServiceRole2F4D5D5C": Object {
      "Properties": Object {
        "AssumeRolePolicyDocument": Object {
          "Statement": Array [
            Object {
              "Action": "sts:AssumeRole",
              "Effect": "Allow",
              "Principal": Object {
                "Service": "lambda.amazonaws.com",
              },
            },
          ],
          "Version": "2012-10-17",
        },
        "ManagedPolicyArns": Array [
          Object {
            "Fn::Join": Array [
              "",
              Array [
                "arn:",
                Object {
                  "Ref": "AWS::Partition",
                },
                ":iam::aws:policy/service-role/AWSLambdaBasicExecutionRole",
              ],
            ],
          },
        ],
      },
      "Type": "AWS::IAM::Role",
    },
    "SingletonLambdaethereumwalletkeygeneratorServiceRoleDefaultPolicy8697E031": Object {
      "Properties": Object {
        "PolicyDocument": Object {
          "Statement": Array [
            Object {
              "Action": Array [
                "kms:Encrypt",
                "kms:ReEncrypt*",
                "kms:GenerateDataKey*",
              ],
              "Effect": "Allow",
              "Resource": Object {
                "Fn::GetAtt": Array [
                  "WalletEncryptionKey8455325D",
                  "Arn",
                ],
              },
            },
            Object {
              "Action": Array [
                "secretsmanager:PutSecretValue",
                "secretsmanager:UpdateSecret",
              ],
              "Effect": "Allow",
              "Resource": Object {
                "Ref": "WalletPrivateKey1C295680",
              },
            },
          ],
          "Version": "2012-10-17",
        },
        "PolicyName": "SingletonLambdaethereumwalletkeygeneratorServiceRoleDefaultPolicy8697E031",
        "Roles": Array [
          Object {
            "Ref": "SingletonLambdaethereumwalletkeygeneratorServiceRole2F4D5D5C",
          },
        ],
      },
      "Type": "AWS::IAM::Policy",
    },
    "Wallet1C6771ED": Object {
      "DeletionPolicy": "Delete",
      "Properties": Object {
        "ServiceToken": Object {
          "Fn::GetAtt": Array [
            "SingletonLambdaethereumwalletkeygenerator6D364F19",
            "Arn",
          ],
        },
        "WalletSecretArn": Object {
          "Ref": "WalletPrivateKey1C295680",
        },
      },
      "Type": "Custom::Wallet",
      "UpdateReplacePolicy": "Delete",
    },
    "WalletEncryptionKey8455325D": Object {
      "DeletionPolicy": "Retain",
      "Properties": Object {
        "Description": "Encryption Key securing the Wallet.",
        "EnableKeyRotation": true,
        "KeyPolicy": Object {
          "Statement": Array [
            Object {
              "Action": Array [
                "kms:Create*",
                "kms:Describe*",
                "kms:Enable*",
                "kms:List*",
                "kms:Put*",
                "kms:Update*",
                "kms:Revoke*",
                "kms:Disable*",
                "kms:Get*",
                "kms:Delete*",
                "kms:ScheduleKeyDeletion",
                "kms:CancelKeyDeletion",
                "kms:GenerateDataKey",
                "kms:TagResource",
                "kms:UntagResource",
              ],
              "Effect": "Allow",
              "Principal": Object {
                "AWS": Object {
                  "Fn::Join": Array [
                    "",
                    Array [
                      "arn:",
                      Object {
                        "Ref": "AWS::Partition",
                      },
                      ":iam::",
                      Object {
                        "Ref": "AWS::AccountId",
                      },
                      ":root",
                    ],
                  ],
                },
              },
              "Resource": "*",
            },
            Object {
              "Action": Array [
                "kms:Decrypt",
                "kms:Encrypt",
                "kms:ReEncrypt*",
                "kms:GenerateDataKey*",
              ],
              "Condition": Object {
                "StringEquals": Object {
                  "kms:ViaService": Object {
                    "Fn::Join": Array [
                      "",
                      Array [
                        "secretsmanager.",
                        Object {
                          "Ref": "AWS::Region",
                        },
                        ".amazonaws.com",
                      ],
                    ],
                  },
                },
              },
              "Effect": "Allow",
              "Principal": Object {
                "AWS": Object {
                  "Fn::Join": Array [
                    "",
                    Array [
                      "arn:",
                      Object {
                        "Ref": "AWS::Partition",
                      },
                      ":iam::",
                      Object {
                        "Ref": "AWS::AccountId",
                      },
                      ":root",
                    ],
                  ],
                },
              },
              "Resource": "*",
            },
            Object {
              "Action": Array [
                "kms:CreateGrant",
                "kms:DescribeKey",
              ],
              "Condition": Object {
                "StringEquals": Object {
                  "kms:ViaService": Object {
                    "Fn::Join": Array [
                      "",
                      Array [
                        "secretsmanager.",
                        Object {
                          "Ref": "AWS::Region",
                        },
                        ".amazonaws.com",
                      ],
                    ],
                  },
                },
              },
              "Effect": "Allow",
              "Principal": Object {
                "AWS": Object {
                  "Fn::Join": Array [
                    "",
                    Array [
                      "arn:",
                      Object {
                        "Ref": "AWS::Partition",
                      },
                      ":iam::",
                      Object {
                        "Ref": "AWS::AccountId",
                      },
                      ":root",
                    ],
                  ],
                },
              },
              "Resource": "*",
            },
            Object {
              "Action": Array [
                "kms:Encrypt",
                "kms:ReEncrypt*",
                "kms:GenerateDataKey*",
              ],
              "Effect": "Allow",
              "Principal": Object {
                "AWS": Object {
                  "Fn::GetAtt": Array [
                    "SingletonLambdaethereumwalletkeygeneratorServiceRole2F4D5D5C",
                    "Arn",
                  ],
                },
              },
              "Resource": "*",
            },
            Object {
              "Action": Array [
                "kms:Encrypt",
                "kms:ReEncrypt*",
                "kms:GenerateDataKey*",
              ],
              "Condition": Object {
                "StringEquals": Object {
                  "kms:ViaService": Object {
                    "Fn::Join": Array [
                      "",
                      Array [
                        "secretsmanager.",
                        Object {
                          "Ref": "AWS::Region",
                        },
                        ".amazonaws.com",
                      ],
                    ],
                  },
                },
              },
              "Effect": "Allow",
              "Principal": Object {
                "AWS": Object {
                  "Fn::GetAtt": Array [
                    "SingletonLambdaethereumwalletkeygeneratorServiceRole2F4D5D5C",
                    "Arn",
                  ],
                },
              },
              "Resource": "*",
            },
            Object {
              "Action": "kms:Decrypt",
              "Effect": "Allow",
              "Principal": Object {
                "AWS": Object {
                  "Fn::GetAtt": Array [
                    "ContractDeployerServiceRole4D541F12",
                    "Arn",
                  ],
                },
              },
              "Resource": "*",
            },
            Object {
              "Action": "kms:Decrypt",
              "Condition": Object {
                "StringEquals": Object {
                  "kms:ViaService": Object {
                    "Fn::Join": Array [
                      "",
                      Array [
                        "secretsmanager.",
                        Object {
                          "Ref": "AWS::Region",
                        },
                        ".amazonaws.com",
                      ],
                    ],
                  },
                },
              },
              "Effect": "Allow",
              "Principal": Object {
                "AWS": Object {
                  "Fn::GetAtt": Array [
                    "ContractDeployerServiceRole4D541F12",
                    "Arn",
                  ],
                },
              },
              "Resource": "*",
            },
          ],
          "Version": "2012-10-17",
        },
      },
      "Type": "AWS::KMS::Key",
      "UpdateReplacePolicy": "Retain",
    },
    "WalletPrivateKey1C295680": Object {
      "DeletionPolicy": "Delete",
      "Properties": Object {
        "GenerateSecretString": Object {},
        "KmsKeyId": Object {
          "Fn::GetAtt": Array [
            "WalletEncryptionKey8455325D",
            "Arn",
          ],
        },
      },
      "Type": "AWS::SecretsManager::Secret",
      "UpdateReplacePolicy": "Delete",
    },
  },
}
`;
