// Jest Snapshot v1, https://goo.gl/fbAQLP

exports[`Contract should compile Solidity Contract 1`] = `
Object {
  "Parameters": Object {
    "AssetParameters2afc1050df7a195b0b988586f1ca86a9e72e085a4752068ed482330c10507b68ArtifactHash70121E3D": Object {
      "Description": "Artifact hash for asset \\"2afc1050df7a195b0b988586f1ca86a9e72e085a4752068ed482330c10507b68\\"",
      "Type": "String",
    },
    "AssetParameters2afc1050df7a195b0b988586f1ca86a9e72e085a4752068ed482330c10507b68S3Bucket8FD1FE07": Object {
      "Description": "S3 bucket for asset \\"2afc1050df7a195b0b988586f1ca86a9e72e085a4752068ed482330c10507b68\\"",
      "Type": "String",
    },
    "AssetParameters2afc1050df7a195b0b988586f1ca86a9e72e085a4752068ed482330c10507b68S3VersionKeyC88FBDF1": Object {
      "Description": "S3 key for asset version \\"2afc1050df7a195b0b988586f1ca86a9e72e085a4752068ed482330c10507b68\\"",
      "Type": "String",
    },
    "AssetParameterseee72eed4ba810991bc5a96e2573890c00232e3548ea324fca0277c5efe55e5fArtifactHash75798420": Object {
      "Description": "Artifact hash for asset \\"eee72eed4ba810991bc5a96e2573890c00232e3548ea324fca0277c5efe55e5f\\"",
      "Type": "String",
    },
    "AssetParameterseee72eed4ba810991bc5a96e2573890c00232e3548ea324fca0277c5efe55e5fS3Bucket015842FE": Object {
      "Description": "S3 bucket for asset \\"eee72eed4ba810991bc5a96e2573890c00232e3548ea324fca0277c5efe55e5f\\"",
      "Type": "String",
    },
    "AssetParameterseee72eed4ba810991bc5a96e2573890c00232e3548ea324fca0277c5efe55e5fS3VersionKey24AB30BE": Object {
      "Description": "S3 key for asset version \\"eee72eed4ba810991bc5a96e2573890c00232e3548ea324fca0277c5efe55e5f\\"",
      "Type": "String",
    },
    "AssetParametersfdee61673484a901cbc23bc5a0d22de5d64d844b8a942035e08870b86d22c5d4ArtifactHash03B2B2E0": Object {
      "Description": "Artifact hash for asset \\"fdee61673484a901cbc23bc5a0d22de5d64d844b8a942035e08870b86d22c5d4\\"",
      "Type": "String",
    },
    "AssetParametersfdee61673484a901cbc23bc5a0d22de5d64d844b8a942035e08870b86d22c5d4S3BucketF24AA9B9": Object {
      "Description": "S3 bucket for asset \\"fdee61673484a901cbc23bc5a0d22de5d64d844b8a942035e08870b86d22c5d4\\"",
      "Type": "String",
    },
    "AssetParametersfdee61673484a901cbc23bc5a0d22de5d64d844b8a942035e08870b86d22c5d4S3VersionKeyCAB52AED": Object {
      "Description": "S3 key for asset version \\"fdee61673484a901cbc23bc5a0d22de5d64d844b8a942035e08870b86d22c5d4\\"",
      "Type": "String",
    },
  },
  "Resources": Object {
    "ContractD86C0185": Object {
      "DeletionPolicy": "Delete",
      "Properties": Object {
        "ContractBucketName": Object {
          "Ref": "AssetParametersfdee61673484a901cbc23bc5a0d22de5d64d844b8a942035e08870b86d22c5d4S3BucketF24AA9B9",
        },
        "ContractObjectKey": Object {
          "Fn::Join": Array [
            "",
            Array [
              Object {
                "Fn::Select": Array [
                  0,
                  Object {
                    "Fn::Split": Array [
                      "||",
                      Object {
                        "Ref": "AssetParametersfdee61673484a901cbc23bc5a0d22de5d64d844b8a942035e08870b86d22c5d4S3VersionKeyCAB52AED",
                      },
                    ],
                  },
                ],
              },
              Object {
                "Fn::Select": Array [
                  1,
                  Object {
                    "Fn::Split": Array [
                      "||",
                      Object {
                        "Ref": "AssetParametersfdee61673484a901cbc23bc5a0d22de5d64d844b8a942035e08870b86d22c5d4S3VersionKeyCAB52AED",
                      },
                    ],
                  },
                ],
              },
            ],
          ],
        },
        "ServiceToken": Object {
          "Fn::GetAtt": Array [
            "ContractKeyGenereatorF684DB52",
            "Arn",
          ],
        },
        "WalletSecretArn": Object {
          "Ref": "WalletPrivateKey1C295680",
        },
      },
      "Type": "AWS::CloudFormation::CustomResource",
      "UpdateReplacePolicy": "Delete",
    },
    "ContractKeyGenereatorF684DB52": Object {
      "DependsOn": Array [
        "ContractKeyGenereatorServiceRoleDefaultPolicy71FD664C",
        "ContractKeyGenereatorServiceRole37A99684",
      ],
      "Properties": Object {
        "Code": Object {
          "S3Bucket": Object {
            "Ref": "AssetParameterseee72eed4ba810991bc5a96e2573890c00232e3548ea324fca0277c5efe55e5fS3Bucket015842FE",
          },
          "S3Key": Object {
            "Fn::Join": Array [
              "",
              Array [
                Object {
                  "Fn::Select": Array [
                    0,
                    Object {
                      "Fn::Split": Array [
                        "||",
                        Object {
                          "Ref": "AssetParameterseee72eed4ba810991bc5a96e2573890c00232e3548ea324fca0277c5efe55e5fS3VersionKey24AB30BE",
                        },
                      ],
                    },
                  ],
                },
                Object {
                  "Fn::Select": Array [
                    1,
                    Object {
                      "Fn::Split": Array [
                        "||",
                        Object {
                          "Ref": "AssetParameterseee72eed4ba810991bc5a96e2573890c00232e3548ea324fca0277c5efe55e5fS3VersionKey24AB30BE",
                        },
                      ],
                    },
                  ],
                },
              ],
            ],
          },
        },
        "Handler": "index.handle",
        "MemorySize": 512,
        "Role": Object {
          "Fn::GetAtt": Array [
            "ContractKeyGenereatorServiceRole37A99684",
            "Arn",
          ],
        },
        "Runtime": "nodejs14.x",
        "Timeout": 60,
      },
      "Type": "AWS::Lambda::Function",
    },
    "ContractKeyGenereatorServiceRole37A99684": Object {
      "Properties": Object {
        "AssumeRolePolicyDocument": Object {
          "Statement": Array [
            Object {
              "Action": "sts:AssumeRole",
              "Effect": "Allow",
              "Principal": Object {
                "Service": "lambda.amazonaws.com",
              },
            },
          ],
          "Version": "2012-10-17",
        },
        "ManagedPolicyArns": Array [
          Object {
            "Fn::Join": Array [
              "",
              Array [
                "arn:",
                Object {
                  "Ref": "AWS::Partition",
                },
                ":iam::aws:policy/service-role/AWSLambdaBasicExecutionRole",
              ],
            ],
          },
        ],
      },
      "Type": "AWS::IAM::Role",
    },
    "ContractKeyGenereatorServiceRoleDefaultPolicy71FD664C": Object {
      "Properties": Object {
        "PolicyDocument": Object {
          "Statement": Array [
            Object {
              "Action": "kms:Decrypt",
              "Effect": "Allow",
              "Resource": Object {
                "Fn::GetAtt": Array [
                  "WalletEncryptionKey8455325D",
                  "Arn",
                ],
              },
            },
            Object {
              "Action": Array [
                "secretsmanager:GetSecretValue",
                "secretsmanager:DescribeSecret",
              ],
              "Effect": "Allow",
              "Resource": Object {
                "Ref": "WalletPrivateKey1C295680",
              },
            },
          ],
          "Version": "2012-10-17",
        },
        "PolicyName": "ContractKeyGenereatorServiceRoleDefaultPolicy71FD664C",
        "Roles": Array [
          Object {
            "Ref": "ContractKeyGenereatorServiceRole37A99684",
          },
        ],
      },
      "Type": "AWS::IAM::Policy",
    },
    "SingletonLambdaethereumwalletkeygenerator6D364F19": Object {
      "DependsOn": Array [
        "SingletonLambdaethereumwalletkeygeneratorServiceRoleDefaultPolicy8697E031",
        "SingletonLambdaethereumwalletkeygeneratorServiceRole2F4D5D5C",
      ],
      "Properties": Object {
        "Code": Object {
          "S3Bucket": Object {
            "Ref": "AssetParameters2afc1050df7a195b0b988586f1ca86a9e72e085a4752068ed482330c10507b68S3Bucket8FD1FE07",
          },
          "S3Key": Object {
            "Fn::Join": Array [
              "",
              Array [
                Object {
                  "Fn::Select": Array [
                    0,
                    Object {
                      "Fn::Split": Array [
                        "||",
                        Object {
                          "Ref": "AssetParameters2afc1050df7a195b0b988586f1ca86a9e72e085a4752068ed482330c10507b68S3VersionKeyC88FBDF1",
                        },
                      ],
                    },
                  ],
                },
                Object {
                  "Fn::Select": Array [
                    1,
                    Object {
                      "Fn::Split": Array [
                        "||",
                        Object {
                          "Ref": "AssetParameters2afc1050df7a195b0b988586f1ca86a9e72e085a4752068ed482330c10507b68S3VersionKeyC88FBDF1",
                        },
                      ],
                    },
                  ],
                },
              ],
            ],
          },
        },
        "Handler": "index.handle",
        "MemorySize": 512,
        "Role": Object {
          "Fn::GetAtt": Array [
            "SingletonLambdaethereumwalletkeygeneratorServiceRole2F4D5D5C",
            "Arn",
          ],
        },
        "Runtime": "nodejs14.x",
        "Timeout": 60,
      },
      "Type": "AWS::Lambda::Function",
    },
    "SingletonLambdaethereumwalletkeygeneratorServiceRole2F4D5D5C": Object {
      "Properties": Object {
        "AssumeRolePolicyDocument": Object {
          "Statement": Array [
            Object {
              "Action": "sts:AssumeRole",
              "Effect": "Allow",
              "Principal": Object {
                "Service": "lambda.amazonaws.com",
              },
            },
          ],
          "Version": "2012-10-17",
        },
        "ManagedPolicyArns": Array [
          Object {
            "Fn::Join": Array [
              "",
              Array [
                "arn:",
                Object {
                  "Ref": "AWS::Partition",
                },
                ":iam::aws:policy/service-role/AWSLambdaBasicExecutionRole",
              ],
            ],
          },
        ],
      },
      "Type": "AWS::IAM::Role",
    },
    "SingletonLambdaethereumwalletkeygeneratorServiceRoleDefaultPolicy8697E031": Object {
      "Properties": Object {
        "PolicyDocument": Object {
          "Statement": Array [
            Object {
              "Action": Array [
                "kms:Encrypt",
                "kms:ReEncrypt*",
                "kms:GenerateDataKey*",
              ],
              "Effect": "Allow",
              "Resource": Object {
                "Fn::GetAtt": Array [
                  "WalletEncryptionKey8455325D",
                  "Arn",
                ],
              },
            },
            Object {
              "Action": Array [
                "secretsmanager:PutSecretValue",
                "secretsmanager:UpdateSecret",
              ],
              "Effect": "Allow",
              "Resource": Object {
                "Ref": "WalletPrivateKey1C295680",
              },
            },
          ],
          "Version": "2012-10-17",
        },
        "PolicyName": "SingletonLambdaethereumwalletkeygeneratorServiceRoleDefaultPolicy8697E031",
        "Roles": Array [
          Object {
            "Ref": "SingletonLambdaethereumwalletkeygeneratorServiceRole2F4D5D5C",
          },
        ],
      },
      "Type": "AWS::IAM::Policy",
    },
    "Wallet1C6771ED": Object {
      "DeletionPolicy": "Delete",
      "Properties": Object {
        "ServiceToken": Object {
          "Fn::GetAtt": Array [
            "SingletonLambdaethereumwalletkeygenerator6D364F19",
            "Arn",
          ],
        },
        "WalletSecretArn": Object {
          "Ref": "WalletPrivateKey1C295680",
        },
      },
      "Type": "Custom::Wallet",
      "UpdateReplacePolicy": "Delete",
    },
    "WalletEncryptionKey8455325D": Object {
      "DeletionPolicy": "Retain",
      "Properties": Object {
        "Description": "Encryption Key securing the Wallet.",
        "EnableKeyRotation": true,
        "KeyPolicy": Object {
          "Statement": Array [
            Object {
              "Action": Array [
                "kms:Create*",
                "kms:Describe*",
                "kms:Enable*",
                "kms:List*",
                "kms:Put*",
                "kms:Update*",
                "kms:Revoke*",
                "kms:Disable*",
                "kms:Get*",
                "kms:Delete*",
                "kms:ScheduleKeyDeletion",
                "kms:CancelKeyDeletion",
                "kms:GenerateDataKey",
                "kms:TagResource",
                "kms:UntagResource",
              ],
              "Effect": "Allow",
              "Principal": Object {
                "AWS": Object {
                  "Fn::Join": Array [
                    "",
                    Array [
                      "arn:",
                      Object {
                        "Ref": "AWS::Partition",
                      },
                      ":iam::",
                      Object {
                        "Ref": "AWS::AccountId",
                      },
                      ":root",
                    ],
                  ],
                },
              },
              "Resource": "*",
            },
            Object {
              "Action": Array [
                "kms:Decrypt",
                "kms:Encrypt",
                "kms:ReEncrypt*",
                "kms:GenerateDataKey*",
              ],
              "Condition": Object {
                "StringEquals": Object {
                  "kms:ViaService": Object {
                    "Fn::Join": Array [
                      "",
                      Array [
                        "secretsmanager.",
                        Object {
                          "Ref": "AWS::Region",
                        },
                        ".amazonaws.com",
                      ],
                    ],
                  },
                },
              },
              "Effect": "Allow",
              "Principal": Object {
                "AWS": Object {
                  "Fn::Join": Array [
                    "",
                    Array [
                      "arn:",
                      Object {
                        "Ref": "AWS::Partition",
                      },
                      ":iam::",
                      Object {
                        "Ref": "AWS::AccountId",
                      },
                      ":root",
                    ],
                  ],
                },
              },
              "Resource": "*",
            },
            Object {
              "Action": Array [
                "kms:CreateGrant",
                "kms:DescribeKey",
              ],
              "Condition": Object {
                "StringEquals": Object {
                  "kms:ViaService": Object {
                    "Fn::Join": Array [
                      "",
                      Array [
                        "secretsmanager.",
                        Object {
                          "Ref": "AWS::Region",
                        },
                        ".amazonaws.com",
                      ],
                    ],
                  },
                },
              },
              "Effect": "Allow",
              "Principal": Object {
                "AWS": Object {
                  "Fn::Join": Array [
                    "",
                    Array [
                      "arn:",
                      Object {
                        "Ref": "AWS::Partition",
                      },
                      ":iam::",
                      Object {
                        "Ref": "AWS::AccountId",
                      },
                      ":root",
                    ],
                  ],
                },
              },
              "Resource": "*",
            },
            Object {
              "Action": Array [
                "kms:Encrypt",
                "kms:ReEncrypt*",
                "kms:GenerateDataKey*",
              ],
              "Effect": "Allow",
              "Principal": Object {
                "AWS": Object {
                  "Fn::GetAtt": Array [
                    "SingletonLambdaethereumwalletkeygeneratorServiceRole2F4D5D5C",
                    "Arn",
                  ],
                },
              },
              "Resource": "*",
            },
            Object {
              "Action": Array [
                "kms:Encrypt",
                "kms:ReEncrypt*",
                "kms:GenerateDataKey*",
              ],
              "Condition": Object {
                "StringEquals": Object {
                  "kms:ViaService": Object {
                    "Fn::Join": Array [
                      "",
                      Array [
                        "secretsmanager.",
                        Object {
                          "Ref": "AWS::Region",
                        },
                        ".amazonaws.com",
                      ],
                    ],
                  },
                },
              },
              "Effect": "Allow",
              "Principal": Object {
                "AWS": Object {
                  "Fn::GetAtt": Array [
                    "SingletonLambdaethereumwalletkeygeneratorServiceRole2F4D5D5C",
                    "Arn",
                  ],
                },
              },
              "Resource": "*",
            },
            Object {
              "Action": "kms:Decrypt",
              "Effect": "Allow",
              "Principal": Object {
                "AWS": Object {
                  "Fn::GetAtt": Array [
                    "ContractKeyGenereatorServiceRole37A99684",
                    "Arn",
                  ],
                },
              },
              "Resource": "*",
            },
            Object {
              "Action": "kms:Decrypt",
              "Condition": Object {
                "StringEquals": Object {
                  "kms:ViaService": Object {
                    "Fn::Join": Array [
                      "",
                      Array [
                        "secretsmanager.",
                        Object {
                          "Ref": "AWS::Region",
                        },
                        ".amazonaws.com",
                      ],
                    ],
                  },
                },
              },
              "Effect": "Allow",
              "Principal": Object {
                "AWS": Object {
                  "Fn::GetAtt": Array [
                    "ContractKeyGenereatorServiceRole37A99684",
                    "Arn",
                  ],
                },
              },
              "Resource": "*",
            },
          ],
          "Version": "2012-10-17",
        },
      },
      "Type": "AWS::KMS::Key",
      "UpdateReplacePolicy": "Retain",
    },
    "WalletPrivateKey1C295680": Object {
      "DeletionPolicy": "Delete",
      "Properties": Object {
        "GenerateSecretString": Object {},
        "KmsKeyId": Object {
          "Fn::GetAtt": Array [
            "WalletEncryptionKey8455325D",
            "Arn",
          ],
        },
      },
      "Type": "AWS::SecretsManager::Secret",
      "UpdateReplacePolicy": "Delete",
    },
  },
}
`;
