// Jest Snapshot v1, https://goo.gl/fbAQLP

exports[`default wallet should provision an AWS Secret and KMS Encryption Key 1`] = `
Object {
  "Resources": Object {
    "WalletEncryptionKey8455325D": Object {
      "DeletionPolicy": "Retain",
      "Properties": Object {
        "EnableKeyRotation": true,
        "KeyPolicy": Object {
          "Statement": Array [
            Object {
              "Action": Array [
                "kms:Create*",
                "kms:Describe*",
                "kms:Enable*",
                "kms:List*",
                "kms:Put*",
                "kms:Update*",
                "kms:Revoke*",
                "kms:Disable*",
                "kms:Get*",
                "kms:Delete*",
                "kms:ScheduleKeyDeletion",
                "kms:CancelKeyDeletion",
                "kms:GenerateDataKey",
                "kms:TagResource",
                "kms:UntagResource",
              ],
              "Effect": "Allow",
              "Principal": Object {
                "AWS": Object {
                  "Fn::Join": Array [
                    "",
                    Array [
                      "arn:",
                      Object {
                        "Ref": "AWS::Partition",
                      },
                      ":iam::",
                      Object {
                        "Ref": "AWS::AccountId",
                      },
                      ":root",
                    ],
                  ],
                },
              },
              "Resource": "*",
            },
            Object {
              "Action": Array [
                "kms:Decrypt",
                "kms:Encrypt",
                "kms:ReEncrypt*",
                "kms:GenerateDataKey*",
              ],
              "Condition": Object {
                "StringEquals": Object {
                  "kms:ViaService": Object {
                    "Fn::Join": Array [
                      "",
                      Array [
                        "secretsmanager.",
                        Object {
                          "Ref": "AWS::Region",
                        },
                        ".amazonaws.com",
                      ],
                    ],
                  },
                },
              },
              "Effect": "Allow",
              "Principal": Object {
                "AWS": Object {
                  "Fn::Join": Array [
                    "",
                    Array [
                      "arn:",
                      Object {
                        "Ref": "AWS::Partition",
                      },
                      ":iam::",
                      Object {
                        "Ref": "AWS::AccountId",
                      },
                      ":root",
                    ],
                  ],
                },
              },
              "Resource": "*",
            },
            Object {
              "Action": Array [
                "kms:CreateGrant",
                "kms:DescribeKey",
              ],
              "Condition": Object {
                "StringEquals": Object {
                  "kms:ViaService": Object {
                    "Fn::Join": Array [
                      "",
                      Array [
                        "secretsmanager.",
                        Object {
                          "Ref": "AWS::Region",
                        },
                        ".amazonaws.com",
                      ],
                    ],
                  },
                },
              },
              "Effect": "Allow",
              "Principal": Object {
                "AWS": Object {
                  "Fn::Join": Array [
                    "",
                    Array [
                      "arn:",
                      Object {
                        "Ref": "AWS::Partition",
                      },
                      ":iam::",
                      Object {
                        "Ref": "AWS::AccountId",
                      },
                      ":root",
                    ],
                  ],
                },
              },
              "Resource": "*",
            },
          ],
          "Version": "2012-10-17",
        },
      },
      "Type": "AWS::KMS::Key",
      "UpdateReplacePolicy": "Retain",
    },
    "WalletPrivateKey1C295680": Object {
      "DeletionPolicy": "Delete",
      "Properties": Object {
        "GenerateSecretString": Object {},
        "KmsKeyId": Object {
          "Fn::GetAtt": Array [
            "WalletEncryptionKey8455325D",
            "Arn",
          ],
        },
      },
      "Type": "AWS::SecretsManager::Secret",
      "UpdateReplacePolicy": "Delete",
    },
  },
}
`;
