// Jest Snapshot v1, https://goo.gl/fbAQLP

exports[`default wallet should provision an AWS Secret and KMS Encryption Key 1`] = `
Object {
  "Parameters": Object {
    "AssetParameters8857b364800a1b6cd0dbcde01dbb4440826030bf852a0d2669f521e8363e4f5bArtifactHash16EA8C07": Object {
      "Description": "Artifact hash for asset \\"8857b364800a1b6cd0dbcde01dbb4440826030bf852a0d2669f521e8363e4f5b\\"",
      "Type": "String",
    },
    "AssetParameters8857b364800a1b6cd0dbcde01dbb4440826030bf852a0d2669f521e8363e4f5bS3Bucket4FD5CEB7": Object {
      "Description": "S3 bucket for asset \\"8857b364800a1b6cd0dbcde01dbb4440826030bf852a0d2669f521e8363e4f5b\\"",
      "Type": "String",
    },
    "AssetParameters8857b364800a1b6cd0dbcde01dbb4440826030bf852a0d2669f521e8363e4f5bS3VersionKey0203572F": Object {
      "Description": "S3 key for asset version \\"8857b364800a1b6cd0dbcde01dbb4440826030bf852a0d2669f521e8363e4f5b\\"",
      "Type": "String",
    },
  },
  "Resources": Object {
    "WalletEncryptionKey8455325D": Object {
      "DeletionPolicy": "Retain",
      "Properties": Object {
        "Description": "Encryption Key securing the Wallet.",
        "EnableKeyRotation": true,
        "KeyPolicy": Object {
          "Statement": Array [
            Object {
              "Action": Array [
                "kms:Create*",
                "kms:Describe*",
                "kms:Enable*",
                "kms:List*",
                "kms:Put*",
                "kms:Update*",
                "kms:Revoke*",
                "kms:Disable*",
                "kms:Get*",
                "kms:Delete*",
                "kms:ScheduleKeyDeletion",
                "kms:CancelKeyDeletion",
                "kms:GenerateDataKey",
                "kms:TagResource",
                "kms:UntagResource",
              ],
              "Effect": "Allow",
              "Principal": Object {
                "AWS": Object {
                  "Fn::Join": Array [
                    "",
                    Array [
                      "arn:",
                      Object {
                        "Ref": "AWS::Partition",
                      },
                      ":iam::",
                      Object {
                        "Ref": "AWS::AccountId",
                      },
                      ":root",
                    ],
                  ],
                },
              },
              "Resource": "*",
            },
            Object {
              "Action": Array [
                "kms:Decrypt",
                "kms:Encrypt",
                "kms:ReEncrypt*",
                "kms:GenerateDataKey*",
              ],
              "Condition": Object {
                "StringEquals": Object {
                  "kms:ViaService": Object {
                    "Fn::Join": Array [
                      "",
                      Array [
                        "secretsmanager.",
                        Object {
                          "Ref": "AWS::Region",
                        },
                        ".amazonaws.com",
                      ],
                    ],
                  },
                },
              },
              "Effect": "Allow",
              "Principal": Object {
                "AWS": Object {
                  "Fn::Join": Array [
                    "",
                    Array [
                      "arn:",
                      Object {
                        "Ref": "AWS::Partition",
                      },
                      ":iam::",
                      Object {
                        "Ref": "AWS::AccountId",
                      },
                      ":root",
                    ],
                  ],
                },
              },
              "Resource": "*",
            },
            Object {
              "Action": Array [
                "kms:CreateGrant",
                "kms:DescribeKey",
              ],
              "Condition": Object {
                "StringEquals": Object {
                  "kms:ViaService": Object {
                    "Fn::Join": Array [
                      "",
                      Array [
                        "secretsmanager.",
                        Object {
                          "Ref": "AWS::Region",
                        },
                        ".amazonaws.com",
                      ],
                    ],
                  },
                },
              },
              "Effect": "Allow",
              "Principal": Object {
                "AWS": Object {
                  "Fn::Join": Array [
                    "",
                    Array [
                      "arn:",
                      Object {
                        "Ref": "AWS::Partition",
                      },
                      ":iam::",
                      Object {
                        "Ref": "AWS::AccountId",
                      },
                      ":root",
                    ],
                  ],
                },
              },
              "Resource": "*",
            },
            Object {
              "Action": Array [
                "kms:Encrypt",
                "kms:ReEncrypt*",
                "kms:GenerateDataKey*",
              ],
              "Effect": "Allow",
              "Principal": Object {
                "AWS": Object {
                  "Fn::GetAtt": Array [
                    "WalletWalletResourceHandlerServiceRole65EB541B",
                    "Arn",
                  ],
                },
              },
              "Resource": "*",
            },
            Object {
              "Action": Array [
                "kms:Encrypt",
                "kms:ReEncrypt*",
                "kms:GenerateDataKey*",
              ],
              "Condition": Object {
                "StringEquals": Object {
                  "kms:ViaService": Object {
                    "Fn::Join": Array [
                      "",
                      Array [
                        "secretsmanager.",
                        Object {
                          "Ref": "AWS::Region",
                        },
                        ".amazonaws.com",
                      ],
                    ],
                  },
                },
              },
              "Effect": "Allow",
              "Principal": Object {
                "AWS": Object {
                  "Fn::GetAtt": Array [
                    "WalletWalletResourceHandlerServiceRole65EB541B",
                    "Arn",
                  ],
                },
              },
              "Resource": "*",
            },
          ],
          "Version": "2012-10-17",
        },
      },
      "Type": "AWS::KMS::Key",
      "UpdateReplacePolicy": "Retain",
    },
    "WalletPrivateKey1C295680": Object {
      "DeletionPolicy": "Delete",
      "Properties": Object {
        "GenerateSecretString": Object {},
        "KmsKeyId": Object {
          "Fn::GetAtt": Array [
            "WalletEncryptionKey8455325D",
            "Arn",
          ],
        },
      },
      "Type": "AWS::SecretsManager::Secret",
      "UpdateReplacePolicy": "Delete",
    },
    "WalletWalletResourceHandler2D2301E3": Object {
      "Properties": Object {
        "Code": Object {
          "S3Bucket": Object {
            "Ref": "AssetParameters8857b364800a1b6cd0dbcde01dbb4440826030bf852a0d2669f521e8363e4f5bS3Bucket4FD5CEB7",
          },
          "S3Key": Object {
            "Fn::Join": Array [
              "",
              Array [
                Object {
                  "Fn::Select": Array [
                    0,
                    Object {
                      "Fn::Split": Array [
                        "||",
                        Object {
                          "Ref": "AssetParameters8857b364800a1b6cd0dbcde01dbb4440826030bf852a0d2669f521e8363e4f5bS3VersionKey0203572F",
                        },
                      ],
                    },
                  ],
                },
                Object {
                  "Fn::Select": Array [
                    1,
                    Object {
                      "Fn::Split": Array [
                        "||",
                        Object {
                          "Ref": "AssetParameters8857b364800a1b6cd0dbcde01dbb4440826030bf852a0d2669f521e8363e4f5bS3VersionKey0203572F",
                        },
                      ],
                    },
                  ],
                },
              ],
            ],
          },
        },
        "Environment": Object {
          "Variables": Object {
            "SecretArn": Object {
              "Ref": "WalletPrivateKey1C295680",
            },
          },
        },
        "Handler": "index.handle",
        "MemorySize": 512,
        "Role": Object {
          "Fn::GetAtt": Array [
            "WalletWalletResourceHandlerServiceRole65EB541B",
            "Arn",
          ],
        },
        "Runtime": "nodejs14.x",
      },
      "Type": "AWS::Lambda::Function",
    },
    "WalletWalletResourceHandlerServiceRole65EB541B": Object {
      "Properties": Object {
        "AssumeRolePolicyDocument": Object {
          "Statement": Array [
            Object {
              "Action": "sts:AssumeRole",
              "Effect": "Allow",
              "Principal": Object {
                "Service": "lambda.amazonaws.com",
              },
            },
          ],
          "Version": "2012-10-17",
        },
        "ManagedPolicyArns": Array [
          Object {
            "Fn::Join": Array [
              "",
              Array [
                "arn:",
                Object {
                  "Ref": "AWS::Partition",
                },
                ":iam::aws:policy/service-role/AWSLambdaBasicExecutionRole",
              ],
            ],
          },
        ],
      },
      "Type": "AWS::IAM::Role",
    },
    "WalletWalletResourceHandlerServiceRoleDefaultPolicyB0C4B71A": Object {
      "Properties": Object {
        "PolicyDocument": Object {
          "Statement": Array [
            Object {
              "Action": Array [
                "kms:Encrypt",
                "kms:ReEncrypt*",
                "kms:GenerateDataKey*",
              ],
              "Effect": "Allow",
              "Resource": Object {
                "Fn::GetAtt": Array [
                  "WalletEncryptionKey8455325D",
                  "Arn",
                ],
              },
            },
            Object {
              "Action": Array [
                "secretsmanager:PutSecretValue",
                "secretsmanager:UpdateSecret",
              ],
              "Effect": "Allow",
              "Resource": Object {
                "Ref": "WalletPrivateKey1C295680",
              },
            },
          ],
          "Version": "2012-10-17",
        },
        "PolicyName": "WalletWalletResourceHandlerServiceRoleDefaultPolicyB0C4B71A",
        "Roles": Array [
          Object {
            "Ref": "WalletWalletResourceHandlerServiceRole65EB541B",
          },
        ],
      },
      "Type": "AWS::IAM::Policy",
    },
  },
}
`;
